// Jest Snapshot v1, https://goo.gl/fbAQLP

exports[`App component renders App 1`] = `
<DocumentFragment>
  <div>
    <div>
      <div>
        <form>
          <input
            aria-label="search"
            type="text"
            value="pokemon"
          />
          <button
            type="submit"
          >
            Search
          </button>
        </form>
      </div>
      <ul
        aria-label="articles"
      />
    </div>
  </div>
</DocumentFragment>
`;
